Component: ARM Compiler 5.06 update 1 (build 61) Tool: armlink [4d35a8]

==============================================================================

Section Cross References

    main.o(i.PIT0_IRQHandler) refers to servo.o(i.servo_get_high) for servo_get_high
    main.o(i.PIT0_IRQHandler) refers to servo.o(i.servo_get_low) for servo_get_low
    main.o(i.PIT0_IRQHandler) refers to main.o(.data) for is_servo1_high
    main.o(i.PORTC_IRQHandler) refers to led.o(i.LEDGrn_On) for LEDGrn_On
    main.o(i.PORTC_IRQHandler) refers to led.o(i.LEDGrn_Off) for LEDGrn_Off
    main.o(i.PORTC_IRQHandler) refers to led.o(i.LEDRed_On) for LEDRed_On
    main.o(i.PORTC_IRQHandler) refers to led.o(i.LEDRed_Off) for LEDRed_Off
    main.o(i.PORTC_IRQHandler) refers to main.o(.data) for tap_dat_1
    main.o(i.main) refers to buttons.o(i.configure_buttons) for configure_buttons
    main.o(i.main) refers to led.o(i.setup_LED) for setup_LED
    main.o(i.main) refers to servo.o(i.servo_init) for servo_init
    main.o(i.main) refers to servo.o(i.servo_setup_timers) for servo_setup_timers
    led.o(i.setup_LED) refers to led.o(i.LEDRed_Off) for LEDRed_Off
    led.o(i.setup_LED) refers to led.o(i.LEDGrn_Off) for LEDGrn_Off
    servo.o(i.servo_get_high) refers to fflti.o(.text) for __aeabi_i2f
    servo.o(i.servo_get_high) refers to fdiv.o(.text) for __aeabi_fdiv
    servo.o(i.servo_get_high) refers to fmul.o(.text) for __aeabi_fmul
    servo.o(i.servo_get_high) refers to fadd.o(.text) for __aeabi_fadd
    servo.o(i.servo_get_high) refers to ffixi.o(.text) for __aeabi_f2iz
    servo.o(i.servo_get_low) refers to servo.o(i.servo_get_high) for servo_get_high
    servo.o(i.servo_setup_timers) refers to servo.o(i.servo_get_high) for servo_get_high
    servo.o(i.servo_setup_timers) refers to main.o(.data) for servo1_angle
    startup_mk64f12.o(RESET) refers to startup_mk64f12.o(STACK) for __initial_sp
    startup_mk64f12.o(RESET) refers to startup_mk64f12.o(.text) for Reset_Handler
    startup_mk64f12.o(RESET) refers to main.o(i.PIT0_IRQHandler) for PIT0_IRQHandler
    startup_mk64f12.o(RESET) refers to main.o(i.PORTC_IRQHandler) for PORTC_IRQHandler
    startup_mk64f12.o(.text) refers to system_mk64f12.o(i.SystemInit) for SystemInit
    startup_mk64f12.o(.text) refers to entry.o(.ARM.Collect$$$$00000000) for __main
    system_mk64f12.o(i.SystemCoreClockUpdate) refers to system_mk64f12.o(.data) for SystemCoreClock
    entry.o(.ARM.Collect$$$$00000000) refers (Special) to entry10a.o(.ARM.Collect$$$$0000000D) for __rt_final_cpp
    entry.o(.ARM.Collect$$$$00000000) refers (Special) to entry11a.o(.ARM.Collect$$$$0000000F) for __rt_final_exit
    entry.o(.ARM.Collect$$$$00000000) refers (Special) to entry7b.o(.ARM.Collect$$$$00000008) for _main_clock
    entry.o(.ARM.Collect$$$$00000000) refers (Special) to entry8b.o(.ARM.Collect$$$$0000000A) for _main_cpp_init
    entry.o(.ARM.Collect$$$$00000000) refers (Special) to entry9a.o(.ARM.Collect$$$$0000000B) for _main_init
    entry.o(.ARM.Collect$$$$00000000) refers (Special) to entry5.o(.ARM.Collect$$$$00000004) for _main_scatterload
    entry.o(.ARM.Collect$$$$00000000) refers (Special) to entry2.o(.ARM.Collect$$$$00000001) for _main_stk
    fadd.o(.text) refers (Special) to iusefp.o(.text) for __I$use$fp
    fadd.o(.text) refers to fepilogue.o(.text) for _float_epilogue
    fmul.o(.text) refers (Special) to iusefp.o(.text) for __I$use$fp
    fdiv.o(.text) refers (Special) to iusefp.o(.text) for __I$use$fp
    fdiv.o(.text) refers to fepilogue.o(.text) for _float_round
    fflti.o(.text) refers (Special) to iusefp.o(.text) for __I$use$fp
    fflti.o(.text) refers to fepilogue.o(.text) for _float_epilogue
    ffixi.o(.text) refers (Special) to iusefp.o(.text) for __I$use$fp
    entry2.o(.ARM.Collect$$$$00000001) refers to entry2.o(.ARM.Collect$$$$00002712) for __lit__00000000
    entry2.o(.ARM.Collect$$$$00002712) refers to startup_mk64f12.o(STACK) for __initial_sp
    entry2.o(__vectab_stack_and_reset_area) refers to startup_mk64f12.o(STACK) for __initial_sp
    entry2.o(__vectab_stack_and_reset_area) refers to entry.o(.ARM.Collect$$$$00000000) for __main
    entry5.o(.ARM.Collect$$$$00000004) refers to init.o(.text) for __scatterload
    entry9a.o(.ARM.Collect$$$$0000000B) refers to main.o(i.main) for main
    entry9b.o(.ARM.Collect$$$$0000000C) refers to main.o(i.main) for main
    init.o(.text) refers to entry5.o(.ARM.Collect$$$$00000004) for __main_after_scatterload


==============================================================================

Removing Unused input sections from the image.

    Removing buttons.o(.rev16_text), (4 bytes).
    Removing buttons.o(.revsh_text), (4 bytes).
    Removing buttons.o(.rrx_text), (6 bytes).
    Removing main.o(.rev16_text), (4 bytes).
    Removing main.o(.revsh_text), (4 bytes).
    Removing main.o(.rrx_text), (6 bytes).
    Removing main.o(i.delay), (20 bytes).
    Removing led.o(.rev16_text), (4 bytes).
    Removing led.o(.revsh_text), (4 bytes).
    Removing led.o(.rrx_text), (6 bytes).
    Removing servo.o(.rev16_text), (4 bytes).
    Removing servo.o(.revsh_text), (4 bytes).
    Removing servo.o(.rrx_text), (6 bytes).
    Removing startup_mk64f12.o(HEAP), (4096 bytes).
    Removing system_mk64f12.o(.rev16_text), (4 bytes).
    Removing system_mk64f12.o(.revsh_text), (4 bytes).
    Removing system_mk64f12.o(.rrx_text), (6 bytes).
    Removing system_mk64f12.o(i.SystemCoreClockUpdate), (344 bytes).
    Removing system_mk64f12.o(.data), (4 bytes).

19 unused section(s) (total 4534 bytes) removed from the image.

==============================================================================

Image Symbol Table

    Local Symbols

    Symbol Name                              Value     Ov Type        Size  Object(Section)

    RESET                                    0x00000000   Section     1024  startup_mk64f12.o(RESET)
    ../clib/microlib/init/entry.s            0x00000000   Number         0  entry9a.o ABSOLUTE
    ../clib/microlib/init/entry.s            0x00000000   Number         0  entry8b.o ABSOLUTE
    ../clib/microlib/init/entry.s            0x00000000   Number         0  entry8a.o ABSOLUTE
    ../clib/microlib/init/entry.s            0x00000000   Number         0  entry7b.o ABSOLUTE
    ../clib/microlib/init/entry.s            0x00000000   Number         0  entry7a.o ABSOLUTE
    ../clib/microlib/init/entry.s            0x00000000   Number         0  entry.o ABSOLUTE
    ../clib/microlib/init/entry.s            0x00000000   Number         0  entry5.o ABSOLUTE
    ../clib/microlib/init/entry.s            0x00000000   Number         0  entry2.o ABSOLUTE
    ../clib/microlib/init/entry.s            0x00000000   Number         0  entry11b.o ABSOLUTE
    ../clib/microlib/init/entry.s            0x00000000   Number         0  entry11a.o ABSOLUTE
    ../clib/microlib/init/entry.s            0x00000000   Number         0  entry10b.o ABSOLUTE
    ../clib/microlib/init/entry.s            0x00000000   Number         0  entry10a.o ABSOLUTE
    ../clib/microlib/init/entry.s            0x00000000   Number         0  entry9b.o ABSOLUTE
    ../clib/microlib/stubs.s                 0x00000000   Number         0  iusefp.o ABSOLUTE
    ../fplib/microlib/fpadd.c                0x00000000   Number         0  fadd.o ABSOLUTE
    ../fplib/microlib/fpdiv.c                0x00000000   Number         0  fdiv.o ABSOLUTE
    ../fplib/microlib/fpepilogue.c           0x00000000   Number         0  fepilogue.o ABSOLUTE
    ../fplib/microlib/fpfix.c                0x00000000   Number         0  ffixi.o ABSOLUTE
    ../fplib/microlib/fpflt.c                0x00000000   Number         0  fflti.o ABSOLUTE
    ../fplib/microlib/fpmul.c                0x00000000   Number         0  fmul.o ABSOLUTE
    Buttons.c                                0x00000000   Number         0  buttons.o ABSOLUTE
    Buttons.c                                0x00000000   Number         0  buttons.o ABSOLUTE
    LED.c                                    0x00000000   Number         0  led.o ABSOLUTE
    LED.c                                    0x00000000   Number         0  led.o ABSOLUTE
    Main.c                                   0x00000000   Number         0  main.o ABSOLUTE
    Main.c                                   0x00000000   Number         0  main.o ABSOLUTE
    RTE\Device\MK64FN1M0xxx12\startup_MK64F12.s 0x00000000   Number         0  startup_mk64f12.o ABSOLUTE
    RTE\Device\MK64FN1M0xxx12\system_MK64F12.c 0x00000000   Number         0  system_mk64f12.o ABSOLUTE
    RTE\\Device\\MK64FN1M0xxx12\\system_MK64F12.c 0x00000000   Number         0  system_mk64f12.o ABSOLUTE
    Servo.c                                  0x00000000   Number         0  servo.o ABSOLUTE
    Servo.c                                  0x00000000   Number         0  servo.o ABSOLUTE
    dc.s                                     0x00000000   Number         0  dc.o ABSOLUTE
    handlers.s                               0x00000000   Number         0  handlers.o ABSOLUTE
    init.s                                   0x00000000   Number         0  init.o ABSOLUTE
    .ARM.__at_0x400                          0x00000400   Section       16  startup_mk64f12.o(.ARM.__at_0x400)
    .ARM.Collect$$$$00000000                 0x00000410   Section        0  entry.o(.ARM.Collect$$$$00000000)
    .ARM.Collect$$$$00000001                 0x00000410   Section        4  entry2.o(.ARM.Collect$$$$00000001)
    .ARM.Collect$$$$00000004                 0x00000414   Section        4  entry5.o(.ARM.Collect$$$$00000004)
    .ARM.Collect$$$$00000008                 0x00000418   Section        0  entry7b.o(.ARM.Collect$$$$00000008)
    .ARM.Collect$$$$0000000A                 0x00000418   Section        0  entry8b.o(.ARM.Collect$$$$0000000A)
    .ARM.Collect$$$$0000000B                 0x00000418   Section        8  entry9a.o(.ARM.Collect$$$$0000000B)
    .ARM.Collect$$$$0000000D                 0x00000420   Section        0  entry10a.o(.ARM.Collect$$$$0000000D)
    .ARM.Collect$$$$0000000F                 0x00000420   Section        0  entry11a.o(.ARM.Collect$$$$0000000F)
    .ARM.Collect$$$$00002712                 0x00000420   Section        4  entry2.o(.ARM.Collect$$$$00002712)
    __lit__00000000                          0x00000420   Data           4  entry2.o(.ARM.Collect$$$$00002712)
    .text                                    0x00000424   Section       48  startup_mk64f12.o(.text)
    .text                                    0x00000454   Section        0  fadd.o(.text)
    .text                                    0x00000504   Section        0  fmul.o(.text)
    .text                                    0x00000568   Section        0  fdiv.o(.text)
    .text                                    0x000005e4   Section        0  fflti.o(.text)
    .text                                    0x000005f6   Section        0  ffixi.o(.text)
    .text                                    0x00000628   Section        0  fepilogue.o(.text)
    .text                                    0x00000628   Section        0  iusefp.o(.text)
    .text                                    0x00000698   Section       36  init.o(.text)
    i.LEDGrn_Off                             0x000006bc   Section        0  led.o(i.LEDGrn_Off)
    i.LEDGrn_On                              0x000006d4   Section        0  led.o(i.LEDGrn_On)
    i.LEDRed_Off                             0x000006ec   Section        0  led.o(i.LEDRed_Off)
    i.LEDRed_On                              0x00000700   Section        0  led.o(i.LEDRed_On)
    i.PIT0_IRQHandler                        0x00000714   Section        0  main.o(i.PIT0_IRQHandler)
    i.PORTC_IRQHandler                       0x000007d4   Section        0  main.o(i.PORTC_IRQHandler)
    i.SystemInit                             0x00000860   Section        0  system_mk64f12.o(i.SystemInit)
    i.__scatterload_copy                     0x000008f0   Section       14  handlers.o(i.__scatterload_copy)
    i.__scatterload_null                     0x000008fe   Section        2  handlers.o(i.__scatterload_null)
    i.__scatterload_zeroinit                 0x00000900   Section       14  handlers.o(i.__scatterload_zeroinit)
    i.configure_buttons                      0x00000910   Section        0  buttons.o(i.configure_buttons)
    i.main                                   0x000009bc   Section        0  main.o(i.main)
    i.servo_get_high                         0x000009d0   Section        0  servo.o(i.servo_get_high)
    i.servo_get_low                          0x00000a10   Section        0  servo.o(i.servo_get_low)
    i.servo_init                             0x00000a28   Section        0  servo.o(i.servo_init)
    i.servo_setup_timers                     0x00000ab0   Section        0  servo.o(i.servo_setup_timers)
    i.setup_LED                              0x00000b0c   Section        0  led.o(i.setup_LED)
    .data                                    0x20000000   Section       28  main.o(.data)
    STACK                                    0x20000020   Section     1024  startup_mk64f12.o(STACK)

    Global Symbols

    Symbol Name                              Value     Ov Type        Size  Object(Section)

    BuildAttributes$$THM_ISAv4$E$P$D$K$B$S$7EM$PE$A:L22UL41UL21$X:L11$S22US41US21$IEEE1$IW$USESV6$~STKCKD$USESV7$~SHL$OTIME$ROPI$EBA8$MICROLIB$REQ8$PRES8$EABIv2 0x00000000   Number         0  anon$$obj.o ABSOLUTE
    __ARM_use_no_argv                        0x00000000   Number         0  main.o ABSOLUTE
    __Vectors                                0x00000000   Data           4  startup_mk64f12.o(RESET)
    __cpp_initialize__aeabi_                  - Undefined Weak Reference
    __cxa_finalize                            - Undefined Weak Reference
    __decompress                              - Undefined Weak Reference
    _clock_init                               - Undefined Weak Reference
    _microlib_exit                            - Undefined Weak Reference
    __Vectors_End                            0x00000400   Data           0  startup_mk64f12.o(RESET)
    __Vectors_Size                           0x00000400   Number         0  startup_mk64f12.o ABSOLUTE
    __main                                   0x00000411   Thumb Code     0  entry.o(.ARM.Collect$$$$00000000)
    _main_stk                                0x00000411   Thumb Code     0  entry2.o(.ARM.Collect$$$$00000001)
    _main_scatterload                        0x00000415   Thumb Code     0  entry5.o(.ARM.Collect$$$$00000004)
    __main_after_scatterload                 0x00000419   Thumb Code     0  entry5.o(.ARM.Collect$$$$00000004)
    _main_clock                              0x00000419   Thumb Code     0  entry7b.o(.ARM.Collect$$$$00000008)
    _main_cpp_init                           0x00000419   Thumb Code     0  entry8b.o(.ARM.Collect$$$$0000000A)
    _main_init                               0x00000419   Thumb Code     0  entry9a.o(.ARM.Collect$$$$0000000B)
    __rt_final_cpp                           0x00000421   Thumb Code     0  entry10a.o(.ARM.Collect$$$$0000000D)
    __rt_final_exit                          0x00000421   Thumb Code     0  entry11a.o(.ARM.Collect$$$$0000000F)
    init_data_bss                            0x00000425   Thumb Code     2  startup_mk64f12.o(.text)
    Reset_Handler                            0x00000427   Thumb Code    12  startup_mk64f12.o(.text)
    NMI_Handler                              0x00000433   Thumb Code     2  startup_mk64f12.o(.text)
    HardFault_Handler                        0x00000435   Thumb Code     2  startup_mk64f12.o(.text)
    MemManage_Handler                        0x00000437   Thumb Code     2  startup_mk64f12.o(.text)
    BusFault_Handler                         0x00000439   Thumb Code     2  startup_mk64f12.o(.text)
    UsageFault_Handler                       0x0000043b   Thumb Code     2  startup_mk64f12.o(.text)
    SVC_Handler                              0x0000043d   Thumb Code     2  startup_mk64f12.o(.text)
    DebugMon_Handler                         0x0000043f   Thumb Code     2  startup_mk64f12.o(.text)
    PendSV_Handler                           0x00000441   Thumb Code     2  startup_mk64f12.o(.text)
    SysTick_Handler                          0x00000443   Thumb Code     2  startup_mk64f12.o(.text)
    ADC0_IRQHandler                          0x00000445   Thumb Code     0  startup_mk64f12.o(.text)
    ADC1_IRQHandler                          0x00000445   Thumb Code     0  startup_mk64f12.o(.text)
    CAN0_Bus_Off_IRQHandler                  0x00000445   Thumb Code     0  startup_mk64f12.o(.text)
    CAN0_Error_IRQHandler                    0x00000445   Thumb Code     0  startup_mk64f12.o(.text)
    CAN0_ORed_Message_buffer_IRQHandler      0x00000445   Thumb Code     0  startup_mk64f12.o(.text)
    CAN0_Rx_Warning_IRQHandler               0x00000445   Thumb Code     0  startup_mk64f12.o(.text)
    CAN0_Tx_Warning_IRQHandler               0x00000445   Thumb Code     0  startup_mk64f12.o(.text)
    CAN0_Wake_Up_IRQHandler                  0x00000445   Thumb Code     0  startup_mk64f12.o(.text)
    CMP0_IRQHandler                          0x00000445   Thumb Code     0  startup_mk64f12.o(.text)
    CMP1_IRQHandler                          0x00000445   Thumb Code     0  startup_mk64f12.o(.text)
    CMP2_IRQHandler                          0x00000445   Thumb Code     0  startup_mk64f12.o(.text)
    CMT_IRQHandler                           0x00000445   Thumb Code     0  startup_mk64f12.o(.text)
    DAC0_IRQHandler                          0x00000445   Thumb Code     0  startup_mk64f12.o(.text)
    DAC1_IRQHandler                          0x00000445   Thumb Code     0  startup_mk64f12.o(.text)
    DMA0_IRQHandler                          0x00000445   Thumb Code     0  startup_mk64f12.o(.text)
    DMA10_IRQHandler                         0x00000445   Thumb Code     0  startup_mk64f12.o(.text)
    DMA11_IRQHandler                         0x00000445   Thumb Code     0  startup_mk64f12.o(.text)
    DMA12_IRQHandler                         0x00000445   Thumb Code     0  startup_mk64f12.o(.text)
    DMA13_IRQHandler                         0x00000445   Thumb Code     0  startup_mk64f12.o(.text)
    DMA14_IRQHandler                         0x00000445   Thumb Code     0  startup_mk64f12.o(.text)
    DMA15_IRQHandler                         0x00000445   Thumb Code     0  startup_mk64f12.o(.text)
    DMA1_IRQHandler                          0x00000445   Thumb Code     0  startup_mk64f12.o(.text)
    DMA2_IRQHandler                          0x00000445   Thumb Code     0  startup_mk64f12.o(.text)
    DMA3_IRQHandler                          0x00000445   Thumb Code     0  startup_mk64f12.o(.text)
    DMA4_IRQHandler                          0x00000445   Thumb Code     0  startup_mk64f12.o(.text)
    DMA5_IRQHandler                          0x00000445   Thumb Code     0  startup_mk64f12.o(.text)
    DMA6_IRQHandler                          0x00000445   Thumb Code     0  startup_mk64f12.o(.text)
    DMA7_IRQHandler                          0x00000445   Thumb Code     0  startup_mk64f12.o(.text)
    DMA8_IRQHandler                          0x00000445   Thumb Code     0  startup_mk64f12.o(.text)
    DMA9_IRQHandler                          0x00000445   Thumb Code     0  startup_mk64f12.o(.text)
    DMA_Error_IRQHandler                     0x00000445   Thumb Code     0  startup_mk64f12.o(.text)
    DefaultISR                               0x00000445   Thumb Code     0  startup_mk64f12.o(.text)
    ENET_1588_Timer_IRQHandler               0x00000445   Thumb Code     0  startup_mk64f12.o(.text)
    ENET_Error_IRQHandler                    0x00000445   Thumb Code     0  startup_mk64f12.o(.text)
    ENET_Receive_IRQHandler                  0x00000445   Thumb Code     0  startup_mk64f12.o(.text)
    ENET_Transmit_IRQHandler                 0x00000445   Thumb Code     0  startup_mk64f12.o(.text)
    FTFE_IRQHandler                          0x00000445   Thumb Code     0  startup_mk64f12.o(.text)
    FTM0_IRQHandler                          0x00000445   Thumb Code     0  startup_mk64f12.o(.text)
    FTM1_IRQHandler                          0x00000445   Thumb Code     0  startup_mk64f12.o(.text)
    FTM2_IRQHandler                          0x00000445   Thumb Code     0  startup_mk64f12.o(.text)
    FTM3_IRQHandler                          0x00000445   Thumb Code     0  startup_mk64f12.o(.text)
    I2C0_IRQHandler                          0x00000445   Thumb Code     0  startup_mk64f12.o(.text)
    I2C1_IRQHandler                          0x00000445   Thumb Code     0  startup_mk64f12.o(.text)
    I2C2_IRQHandler                          0x00000445   Thumb Code     0  startup_mk64f12.o(.text)
    I2S0_Rx_IRQHandler                       0x00000445   Thumb Code     0  startup_mk64f12.o(.text)
    I2S0_Tx_IRQHandler                       0x00000445   Thumb Code     0  startup_mk64f12.o(.text)
    LLW_IRQHandler                           0x00000445   Thumb Code     0  startup_mk64f12.o(.text)
    LPTimer_IRQHandler                       0x00000445   Thumb Code     0  startup_mk64f12.o(.text)
    LVD_LVW_IRQHandler                       0x00000445   Thumb Code     0  startup_mk64f12.o(.text)
    MCG_IRQHandler                           0x00000445   Thumb Code     0  startup_mk64f12.o(.text)
    MCM_IRQHandler                           0x00000445   Thumb Code     0  startup_mk64f12.o(.text)
    PDB0_IRQHandler                          0x00000445   Thumb Code     0  startup_mk64f12.o(.text)
    PIT1_IRQHandler                          0x00000445   Thumb Code     0  startup_mk64f12.o(.text)
    PIT2_IRQHandler                          0x00000445   Thumb Code     0  startup_mk64f12.o(.text)
    PIT3_IRQHandler                          0x00000445   Thumb Code     0  startup_mk64f12.o(.text)
    PORTA_IRQHandler                         0x00000445   Thumb Code     0  startup_mk64f12.o(.text)
    PORTB_IRQHandler                         0x00000445   Thumb Code     0  startup_mk64f12.o(.text)
    PORTD_IRQHandler                         0x00000445   Thumb Code     0  startup_mk64f12.o(.text)
    PORTE_IRQHandler                         0x00000445   Thumb Code     0  startup_mk64f12.o(.text)
    RNG_IRQHandler                           0x00000445   Thumb Code     0  startup_mk64f12.o(.text)
    RTC_IRQHandler                           0x00000445   Thumb Code     0  startup_mk64f12.o(.text)
    RTC_Seconds_IRQHandler                   0x00000445   Thumb Code     0  startup_mk64f12.o(.text)
    Read_Collision_IRQHandler                0x00000445   Thumb Code     0  startup_mk64f12.o(.text)
    Reserved71_IRQHandler                    0x00000445   Thumb Code     0  startup_mk64f12.o(.text)
    SDHC_IRQHandler                          0x00000445   Thumb Code     0  startup_mk64f12.o(.text)
    SPI0_IRQHandler                          0x00000445   Thumb Code     0  startup_mk64f12.o(.text)
    SPI1_IRQHandler                          0x00000445   Thumb Code     0  startup_mk64f12.o(.text)
    SPI2_IRQHandler                          0x00000445   Thumb Code     0  startup_mk64f12.o(.text)
    SWI_IRQHandler                           0x00000445   Thumb Code     0  startup_mk64f12.o(.text)
    UART0_ERR_IRQHandler                     0x00000445   Thumb Code     0  startup_mk64f12.o(.text)
    UART0_LON_IRQHandler                     0x00000445   Thumb Code     0  startup_mk64f12.o(.text)
    UART0_RX_TX_IRQHandler                   0x00000445   Thumb Code     0  startup_mk64f12.o(.text)
    UART1_ERR_IRQHandler                     0x00000445   Thumb Code     0  startup_mk64f12.o(.text)
    UART1_RX_TX_IRQHandler                   0x00000445   Thumb Code     0  startup_mk64f12.o(.text)
    UART2_ERR_IRQHandler                     0x00000445   Thumb Code     0  startup_mk64f12.o(.text)
    UART2_RX_TX_IRQHandler                   0x00000445   Thumb Code     0  startup_mk64f12.o(.text)
    UART3_ERR_IRQHandler                     0x00000445   Thumb Code     0  startup_mk64f12.o(.text)
    UART3_RX_TX_IRQHandler                   0x00000445   Thumb Code     0  startup_mk64f12.o(.text)
    UART4_ERR_IRQHandler                     0x00000445   Thumb Code     0  startup_mk64f12.o(.text)
    UART4_RX_TX_IRQHandler                   0x00000445   Thumb Code     0  startup_mk64f12.o(.text)
    UART5_ERR_IRQHandler                     0x00000445   Thumb Code     0  startup_mk64f12.o(.text)
    UART5_RX_TX_IRQHandler                   0x00000445   Thumb Code     0  startup_mk64f12.o(.text)
    USB0_IRQHandler                          0x00000445   Thumb Code     0  startup_mk64f12.o(.text)
    USBDCD_IRQHandler                        0x00000445   Thumb Code     0  startup_mk64f12.o(.text)
    Watchdog_IRQHandler                      0x00000445   Thumb Code     0  startup_mk64f12.o(.text)
    __aeabi_fadd                             0x00000455   Thumb Code   164  fadd.o(.text)
    __aeabi_fsub                             0x000004f9   Thumb Code     6  fadd.o(.text)
    __aeabi_frsub                            0x000004ff   Thumb Code     6  fadd.o(.text)
    __aeabi_fmul                             0x00000505   Thumb Code   100  fmul.o(.text)
    __aeabi_fdiv                             0x00000569   Thumb Code   124  fdiv.o(.text)
    __aeabi_i2f                              0x000005e5   Thumb Code    18  fflti.o(.text)
    __aeabi_f2iz                             0x000005f7   Thumb Code    50  ffixi.o(.text)
    __I$use$fp                               0x00000629   Thumb Code     0  iusefp.o(.text)
    _float_round                             0x00000629   Thumb Code    18  fepilogue.o(.text)
    _float_epilogue                          0x0000063b   Thumb Code    92  fepilogue.o(.text)
    __scatterload                            0x00000699   Thumb Code    28  init.o(.text)
    __scatterload_rt2                        0x00000699   Thumb Code     0  init.o(.text)
    LEDGrn_Off                               0x000006bd   Thumb Code    16  led.o(i.LEDGrn_Off)
    LEDGrn_On                                0x000006d5   Thumb Code    16  led.o(i.LEDGrn_On)
    LEDRed_Off                               0x000006ed   Thumb Code    14  led.o(i.LEDRed_Off)
    LEDRed_On                                0x00000701   Thumb Code    14  led.o(i.LEDRed_On)
    PIT0_IRQHandler                          0x00000715   Thumb Code   162  main.o(i.PIT0_IRQHandler)
    PORTC_IRQHandler                         0x000007d5   Thumb Code   120  main.o(i.PORTC_IRQHandler)
    SystemInit                               0x00000861   Thumb Code   124  system_mk64f12.o(i.SystemInit)
    __scatterload_copy                       0x000008f1   Thumb Code    14  handlers.o(i.__scatterload_copy)
    __scatterload_null                       0x000008ff   Thumb Code     2  handlers.o(i.__scatterload_null)
    __scatterload_zeroinit                   0x00000901   Thumb Code    14  handlers.o(i.__scatterload_zeroinit)
    configure_buttons                        0x00000911   Thumb Code   160  buttons.o(i.configure_buttons)
    main                                     0x000009bd   Thumb Code    20  main.o(i.main)
    servo_get_high                           0x000009d1   Thumb Code    54  servo.o(i.servo_get_high)
    servo_get_low                            0x00000a11   Thumb Code    20  servo.o(i.servo_get_low)
    servo_init                               0x00000a29   Thumb Code   124  servo.o(i.servo_init)
    servo_setup_timers                       0x00000ab1   Thumb Code    74  servo.o(i.servo_setup_timers)
    setup_LED                                0x00000b0d   Thumb Code    74  led.o(i.setup_LED)
    Region$$Table$$Base                      0x00000b6c   Number         0  anon$$obj.o(Region$$Table)
    Region$$Table$$Limit                     0x00000b8c   Number         0  anon$$obj.o(Region$$Table)
    intflag                                  0x20000000   Data           4  main.o(.data)
    intflag2                                 0x20000004   Data           4  main.o(.data)
    counter                                  0x20000008   Data           4  main.o(.data)
    is_servo1_high                           0x2000000c   Data           4  main.o(.data)
    servo1_angle                             0x20000010   Data           4  main.o(.data)
    tap_dat_1                                0x20000014   Data           4  main.o(.data)
    tap_counter_1                            0x20000018   Data           4  main.o(.data)
    __initial_sp                             0x20000420   Data           0  startup_mk64f12.o(STACK)



==============================================================================

Memory Map of the image

  Image Entry point : 0x00000427

  Load Region LR_1 (Base: 0x00000000, Size: 0x00000ba8, Max: 0xffffffff, ABSOLUTE)

    Execution Region ER_RO (Base: 0x00000000, Size: 0x00000b8c, Max: 0xffffffff, ABSOLUTE)

    Base Addr    Size         Type   Attr      Idx    E Section Name        Object

    0x00000000   0x00000400   Data   RO          217    RESET               startup_mk64f12.o
    0x00000400   0x00000010   Code   RO          218    .ARM.__at_0x400     startup_mk64f12.o
    0x00000410   0x00000000   Code   RO          261  * .ARM.Collect$$$$00000000  mc_w.l(entry.o)
    0x00000410   0x00000004   Code   RO          274    .ARM.Collect$$$$00000001  mc_w.l(entry2.o)
    0x00000414   0x00000004   Code   RO          277    .ARM.Collect$$$$00000004  mc_w.l(entry5.o)
    0x00000418   0x00000000   Code   RO          279    .ARM.Collect$$$$00000008  mc_w.l(entry7b.o)
    0x00000418   0x00000000   Code   RO          281    .ARM.Collect$$$$0000000A  mc_w.l(entry8b.o)
    0x00000418   0x00000008   Code   RO          282    .ARM.Collect$$$$0000000B  mc_w.l(entry9a.o)
    0x00000420   0x00000000   Code   RO          284    .ARM.Collect$$$$0000000D  mc_w.l(entry10a.o)
    0x00000420   0x00000000   Code   RO          286    .ARM.Collect$$$$0000000F  mc_w.l(entry11a.o)
    0x00000420   0x00000004   Code   RO          275    .ARM.Collect$$$$00002712  mc_w.l(entry2.o)
    0x00000424   0x00000030   Code   RO          219  * .text               startup_mk64f12.o
    0x00000454   0x000000b0   Code   RO          264    .text               mf_w.l(fadd.o)
    0x00000504   0x00000064   Code   RO          266    .text               mf_w.l(fmul.o)
    0x00000568   0x0000007c   Code   RO          268    .text               mf_w.l(fdiv.o)
    0x000005e4   0x00000012   Code   RO          270    .text               mf_w.l(fflti.o)
    0x000005f6   0x00000032   Code   RO          272    .text               mf_w.l(ffixi.o)
    0x00000628   0x00000000   Code   RO          288    .text               mc_w.l(iusefp.o)
    0x00000628   0x0000006e   Code   RO          289    .text               mf_w.l(fepilogue.o)
    0x00000696   0x00000002   PAD
    0x00000698   0x00000024   Code   RO          291    .text               mc_w.l(init.o)
    0x000006bc   0x00000018   Code   RO          124    i.LEDGrn_Off        led.o
    0x000006d4   0x00000018   Code   RO          125    i.LEDGrn_On         led.o
    0x000006ec   0x00000014   Code   RO          126    i.LEDRed_Off        led.o
    0x00000700   0x00000014   Code   RO          127    i.LEDRed_On         led.o
    0x00000714   0x000000c0   Code   RO           63    i.PIT0_IRQHandler   main.o
    0x000007d4   0x0000008c   Code   RO           64    i.PORTC_IRQHandler  main.o
    0x00000860   0x00000090   Code   RO          229    i.SystemInit        system_mk64f12.o
    0x000008f0   0x0000000e   Code   RO          295    i.__scatterload_copy  mc_w.l(handlers.o)
    0x000008fe   0x00000002   Code   RO          296    i.__scatterload_null  mc_w.l(handlers.o)
    0x00000900   0x0000000e   Code   RO          297    i.__scatterload_zeroinit  mc_w.l(handlers.o)
    0x0000090e   0x00000002   PAD
    0x00000910   0x000000ac   Code   RO            4    i.configure_buttons  buttons.o
    0x000009bc   0x00000014   Code   RO           66    i.main              main.o
    0x000009d0   0x00000040   Code   RO          172    i.servo_get_high    servo.o
    0x00000a10   0x00000018   Code   RO          173    i.servo_get_low     servo.o
    0x00000a28   0x00000088   Code   RO          174    i.servo_init        servo.o
    0x00000ab0   0x0000005c   Code   RO          175    i.servo_setup_timers  servo.o
    0x00000b0c   0x00000060   Code   RO          128    i.setup_LED         led.o
    0x00000b6c   0x00000020   Data   RO          293    Region$$Table       anon$$obj.o


    Execution Region ER_RW (Base: 0x20000000, Size: 0x0000001c, Max: 0xffffffff, ABSOLUTE)

    Base Addr    Size         Type   Attr      Idx    E Section Name        Object

    0x20000000   0x0000001c   Data   RW           67    .data               main.o


    Execution Region ER_ZI (Base: 0x2000001c, Size: 0x00000404, Max: 0xffffffff, ABSOLUTE)

    Base Addr    Size         Type   Attr      Idx    E Section Name        Object

    0x2000001c   0x00000004   PAD
    0x20000020   0x00000400   Zero   RW          215    STACK               startup_mk64f12.o


==============================================================================

Image component sizes


      Code (inc. data)   RO Data    RW Data    ZI Data      Debug   Object Name

       172         12          0          0          0     376147   buttons.o
       184         50          0          0          0       1934   led.o
       352         50          0         28          0       1847   main.o
       316         44          0          0          0       2131   servo.o
        64         30       1024          0       1024       1088   startup_mk64f12.o
       144         20          0          0          0        521   system_mk64f12.o

    ----------------------------------------------------------------------
      1232        206       1056         28       1028     383668   Object Totals
         0          0         32          0          0          0   (incl. Generated)
         0          0          0          0          4          0   (incl. Padding)

    ----------------------------------------------------------------------

      Code (inc. data)   RO Data    RW Data    ZI Data      Debug   Library Member Name

         0          0          0          0          0          0   entry.o
         0          0          0          0          0          0   entry10a.o
         0          0          0          0          0          0   entry11a.o
         8          4          0          0          0          0   entry2.o
         4          0          0          0          0          0   entry5.o
         0          0          0          0          0          0   entry7b.o
         0          0          0          0          0          0   entry8b.o
         8          4          0          0          0          0   entry9a.o
        30          0          0          0          0          0   handlers.o
        36          8          0          0          0         68   init.o
         0          0          0          0          0          0   iusefp.o
       176          0          0          0          0        140   fadd.o
       124          0          0          0          0         88   fdiv.o
       110          0          0          0          0        168   fepilogue.o
        50          0          0          0          0         68   ffixi.o
        18          0          0          0          0         68   fflti.o
       100          0          0          0          0         76   fmul.o

    ----------------------------------------------------------------------
       668         16          0          0          0        676   Library Totals
         4          0          0          0          0          0   (incl. Padding)

    ----------------------------------------------------------------------

      Code (inc. data)   RO Data    RW Data    ZI Data      Debug   Library Name

        86         16          0          0          0         68   mc_w.l
       578          0          0          0          0        608   mf_w.l

    ----------------------------------------------------------------------
       668         16          0          0          0        676   Library Totals

    ----------------------------------------------------------------------

==============================================================================


      Code (inc. data)   RO Data    RW Data    ZI Data      Debug   

      1900        222       1056         28       1028     383716   Grand Totals
      1900        222       1056         28       1028     383716   ELF Image Totals
      1900        222       1056         28          0          0   ROM Totals

==============================================================================

    Total RO  Size (Code + RO Data)                 2956 (   2.89kB)
    Total RW  Size (RW Data + ZI Data)              1056 (   1.03kB)
    Total ROM Size (Code + RO Data + RW Data)       2984 (   2.91kB)

==============================================================================

