Component: ARM Compiler 5.06 update 1 (build 61) Tool: armlink [4d35a8]

==============================================================================

Section Cross References

    main.o(i.PORTC_IRQHandler) refers to led.o(i.LEDGrn_On) for LEDGrn_On
    main.o(i.PORTC_IRQHandler) refers to led.o(i.LEDGrn_Off) for LEDGrn_Off
    main.o(i.PORTC_IRQHandler) refers to led.o(i.LEDRed_On) for LEDRed_On
    main.o(i.PORTC_IRQHandler) refers to led.o(i.LEDRed_Off) for LEDRed_Off
    main.o(i.PORTC_IRQHandler) refers to main.o(.data) for intflag
    main.o(i.main) refers to buttons.o(i.configure_buttons) for configure_buttons
    main.o(i.main) refers to led.o(i.setup_LED) for setup_LED
    led.o(i.setup_LED) refers to led.o(i.LEDRed_Off) for LEDRed_Off
    led.o(i.setup_LED) refers to led.o(i.LEDGrn_Off) for LEDGrn_Off
    startup_mk64f12.o(RESET) refers to startup_mk64f12.o(STACK) for __initial_sp
    startup_mk64f12.o(RESET) refers to startup_mk64f12.o(.text) for Reset_Handler
    startup_mk64f12.o(RESET) refers to main.o(i.PORTC_IRQHandler) for PORTC_IRQHandler
    startup_mk64f12.o(.text) refers to system_mk64f12.o(i.SystemInit) for SystemInit
    startup_mk64f12.o(.text) refers to entry.o(.ARM.Collect$$$$00000000) for __main
    system_mk64f12.o(i.SystemCoreClockUpdate) refers to system_mk64f12.o(.data) for SystemCoreClock
    entry.o(.ARM.Collect$$$$00000000) refers (Special) to entry10a.o(.ARM.Collect$$$$0000000D) for __rt_final_cpp
    entry.o(.ARM.Collect$$$$00000000) refers (Special) to entry11a.o(.ARM.Collect$$$$0000000F) for __rt_final_exit
    entry.o(.ARM.Collect$$$$00000000) refers (Special) to entry7b.o(.ARM.Collect$$$$00000008) for _main_clock
    entry.o(.ARM.Collect$$$$00000000) refers (Special) to entry8b.o(.ARM.Collect$$$$0000000A) for _main_cpp_init
    entry.o(.ARM.Collect$$$$00000000) refers (Special) to entry9a.o(.ARM.Collect$$$$0000000B) for _main_init
    entry.o(.ARM.Collect$$$$00000000) refers (Special) to entry5.o(.ARM.Collect$$$$00000004) for _main_scatterload
    entry.o(.ARM.Collect$$$$00000000) refers (Special) to entry2.o(.ARM.Collect$$$$00000001) for _main_stk
    entry2.o(.ARM.Collect$$$$00000001) refers to entry2.o(.ARM.Collect$$$$00002712) for __lit__00000000
    entry2.o(.ARM.Collect$$$$00002712) refers to startup_mk64f12.o(STACK) for __initial_sp
    entry2.o(__vectab_stack_and_reset_area) refers to startup_mk64f12.o(STACK) for __initial_sp
    entry2.o(__vectab_stack_and_reset_area) refers to entry.o(.ARM.Collect$$$$00000000) for __main
    entry5.o(.ARM.Collect$$$$00000004) refers to init.o(.text) for __scatterload
    entry9a.o(.ARM.Collect$$$$0000000B) refers to main.o(i.main) for main
    entry9b.o(.ARM.Collect$$$$0000000C) refers to main.o(i.main) for main
    init.o(.text) refers to entry5.o(.ARM.Collect$$$$00000004) for __main_after_scatterload


==============================================================================

Removing Unused input sections from the image.

    Removing buttons.o(.rev16_text), (4 bytes).
    Removing buttons.o(.revsh_text), (4 bytes).
    Removing buttons.o(.rrx_text), (6 bytes).
    Removing main.o(.rev16_text), (4 bytes).
    Removing main.o(.revsh_text), (4 bytes).
    Removing main.o(.rrx_text), (6 bytes).
    Removing led.o(.rev16_text), (4 bytes).
    Removing led.o(.revsh_text), (4 bytes).
    Removing led.o(.rrx_text), (6 bytes).
    Removing startup_mk64f12.o(HEAP), (4096 bytes).
    Removing system_mk64f12.o(.rev16_text), (4 bytes).
    Removing system_mk64f12.o(.revsh_text), (4 bytes).
    Removing system_mk64f12.o(.rrx_text), (6 bytes).
    Removing system_mk64f12.o(i.SystemCoreClockUpdate), (344 bytes).
    Removing system_mk64f12.o(.data), (4 bytes).

15 unused section(s) (total 4500 bytes) removed from the image.

==============================================================================

Image Symbol Table

    Local Symbols

    Symbol Name                              Value     Ov Type        Size  Object(Section)

    RESET                                    0x00000000   Section     1024  startup_mk64f12.o(RESET)
    ../clib/microlib/init/entry.s            0x00000000   Number         0  entry11b.o ABSOLUTE
    ../clib/microlib/init/entry.s            0x00000000   Number         0  entry5.o ABSOLUTE
    ../clib/microlib/init/entry.s            0x00000000   Number         0  entry7b.o ABSOLUTE
    ../clib/microlib/init/entry.s            0x00000000   Number         0  entry8a.o ABSOLUTE
    ../clib/microlib/init/entry.s            0x00000000   Number         0  entry8b.o ABSOLUTE
    ../clib/microlib/init/entry.s            0x00000000   Number         0  entry9a.o ABSOLUTE
    ../clib/microlib/init/entry.s            0x00000000   Number         0  entry7a.o ABSOLUTE
    ../clib/microlib/init/entry.s            0x00000000   Number         0  entry2.o ABSOLUTE
    ../clib/microlib/init/entry.s            0x00000000   Number         0  entry9b.o ABSOLUTE
    ../clib/microlib/init/entry.s            0x00000000   Number         0  entry10a.o ABSOLUTE
    ../clib/microlib/init/entry.s            0x00000000   Number         0  entry.o ABSOLUTE
    ../clib/microlib/init/entry.s            0x00000000   Number         0  entry10b.o ABSOLUTE
    ../clib/microlib/init/entry.s            0x00000000   Number         0  entry11a.o ABSOLUTE
    Buttons.c                                0x00000000   Number         0  buttons.o ABSOLUTE
    Buttons.c                                0x00000000   Number         0  buttons.o ABSOLUTE
    LED.c                                    0x00000000   Number         0  led.o ABSOLUTE
    LED.c                                    0x00000000   Number         0  led.o ABSOLUTE
    Main.c                                   0x00000000   Number         0  main.o ABSOLUTE
    Main.c                                   0x00000000   Number         0  main.o ABSOLUTE
    RTE\Device\MK64FN1M0xxx12\startup_MK64F12.s 0x00000000   Number         0  startup_mk64f12.o ABSOLUTE
    RTE\Device\MK64FN1M0xxx12\system_MK64F12.c 0x00000000   Number         0  system_mk64f12.o ABSOLUTE
    RTE\\Device\\MK64FN1M0xxx12\\system_MK64F12.c 0x00000000   Number         0  system_mk64f12.o ABSOLUTE
    dc.s                                     0x00000000   Number         0  dc.o ABSOLUTE
    handlers.s                               0x00000000   Number         0  handlers.o ABSOLUTE
    init.s                                   0x00000000   Number         0  init.o ABSOLUTE
    .ARM.__at_0x400                          0x00000400   Section       16  startup_mk64f12.o(.ARM.__at_0x400)
    .ARM.Collect$$$$00000000                 0x00000410   Section        0  entry.o(.ARM.Collect$$$$00000000)
    .ARM.Collect$$$$00000001                 0x00000410   Section        4  entry2.o(.ARM.Collect$$$$00000001)
    .ARM.Collect$$$$00000004                 0x00000414   Section        4  entry5.o(.ARM.Collect$$$$00000004)
    .ARM.Collect$$$$00000008                 0x00000418   Section        0  entry7b.o(.ARM.Collect$$$$00000008)
    .ARM.Collect$$$$0000000A                 0x00000418   Section        0  entry8b.o(.ARM.Collect$$$$0000000A)
    .ARM.Collect$$$$0000000B                 0x00000418   Section        8  entry9a.o(.ARM.Collect$$$$0000000B)
    .ARM.Collect$$$$0000000D                 0x00000420   Section        0  entry10a.o(.ARM.Collect$$$$0000000D)
    .ARM.Collect$$$$0000000F                 0x00000420   Section        0  entry11a.o(.ARM.Collect$$$$0000000F)
    .ARM.Collect$$$$00002712                 0x00000420   Section        4  entry2.o(.ARM.Collect$$$$00002712)
    __lit__00000000                          0x00000420   Data           4  entry2.o(.ARM.Collect$$$$00002712)
    .text                                    0x00000424   Section       48  startup_mk64f12.o(.text)
    .text                                    0x00000454   Section       36  init.o(.text)
    i.LEDGrn_Off                             0x00000478   Section        0  led.o(i.LEDGrn_Off)
    i.LEDGrn_On                              0x00000490   Section        0  led.o(i.LEDGrn_On)
    i.LEDRed_Off                             0x000004a8   Section        0  led.o(i.LEDRed_Off)
    i.LEDRed_On                              0x000004bc   Section        0  led.o(i.LEDRed_On)
    i.PORTC_IRQHandler                       0x000004d0   Section        0  main.o(i.PORTC_IRQHandler)
    i.SystemInit                             0x00000558   Section        0  system_mk64f12.o(i.SystemInit)
    i.__scatterload_copy                     0x000005e8   Section       14  handlers.o(i.__scatterload_copy)
    i.__scatterload_null                     0x000005f6   Section        2  handlers.o(i.__scatterload_null)
    i.__scatterload_zeroinit                 0x000005f8   Section       14  handlers.o(i.__scatterload_zeroinit)
    i.configure_buttons                      0x00000608   Section        0  buttons.o(i.configure_buttons)
    i.main                                   0x000006b4   Section        0  main.o(i.main)
    i.setup_LED                              0x000006c0   Section        0  led.o(i.setup_LED)
    .data                                    0x20000000   Section       12  main.o(.data)
    STACK                                    0x20000010   Section     1024  startup_mk64f12.o(STACK)

    Global Symbols

    Symbol Name                              Value     Ov Type        Size  Object(Section)

    BuildAttributes$$THM_ISAv4$E$P$D$K$B$S$7EM$PE$A:L22UL41UL21$X:L11$S22US41US21$IEEE1$IW$USESV6$~STKCKD$USESV7$~SHL$OSPACE$EBA8$MICROLIB$REQ8$PRES8$EABIv2 0x00000000   Number         0  anon$$obj.o ABSOLUTE
    __ARM_use_no_argv                        0x00000000   Number         0  main.o ABSOLUTE
    __Vectors                                0x00000000   Data           4  startup_mk64f12.o(RESET)
    __cpp_initialize__aeabi_                  - Undefined Weak Reference
    __cxa_finalize                            - Undefined Weak Reference
    __decompress                              - Undefined Weak Reference
    _clock_init                               - Undefined Weak Reference
    _microlib_exit                            - Undefined Weak Reference
    __Vectors_End                            0x00000400   Data           0  startup_mk64f12.o(RESET)
    __Vectors_Size                           0x00000400   Number         0  startup_mk64f12.o ABSOLUTE
    __main                                   0x00000411   Thumb Code     0  entry.o(.ARM.Collect$$$$00000000)
    _main_stk                                0x00000411   Thumb Code     0  entry2.o(.ARM.Collect$$$$00000001)
    _main_scatterload                        0x00000415   Thumb Code     0  entry5.o(.ARM.Collect$$$$00000004)
    __main_after_scatterload                 0x00000419   Thumb Code     0  entry5.o(.ARM.Collect$$$$00000004)
    _main_clock                              0x00000419   Thumb Code     0  entry7b.o(.ARM.Collect$$$$00000008)
    _main_cpp_init                           0x00000419   Thumb Code     0  entry8b.o(.ARM.Collect$$$$0000000A)
    _main_init                               0x00000419   Thumb Code     0  entry9a.o(.ARM.Collect$$$$0000000B)
    __rt_final_cpp                           0x00000421   Thumb Code     0  entry10a.o(.ARM.Collect$$$$0000000D)
    __rt_final_exit                          0x00000421   Thumb Code     0  entry11a.o(.ARM.Collect$$$$0000000F)
    init_data_bss                            0x00000425   Thumb Code     2  startup_mk64f12.o(.text)
    Reset_Handler                            0x00000427   Thumb Code    12  startup_mk64f12.o(.text)
    NMI_Handler                              0x00000433   Thumb Code     2  startup_mk64f12.o(.text)
    HardFault_Handler                        0x00000435   Thumb Code     2  startup_mk64f12.o(.text)
    MemManage_Handler                        0x00000437   Thumb Code     2  startup_mk64f12.o(.text)
    BusFault_Handler                         0x00000439   Thumb Code     2  startup_mk64f12.o(.text)
    UsageFault_Handler                       0x0000043b   Thumb Code     2  startup_mk64f12.o(.text)
    SVC_Handler                              0x0000043d   Thumb Code     2  startup_mk64f12.o(.text)
    DebugMon_Handler                         0x0000043f   Thumb Code     2  startup_mk64f12.o(.text)
    PendSV_Handler                           0x00000441   Thumb Code     2  startup_mk64f12.o(.text)
    SysTick_Handler                          0x00000443   Thumb Code     2  startup_mk64f12.o(.text)
    ADC0_IRQHandler                          0x00000445   Thumb Code     0  startup_mk64f12.o(.text)
    ADC1_IRQHandler                          0x00000445   Thumb Code     0  startup_mk64f12.o(.text)
    CAN0_Bus_Off_IRQHandler                  0x00000445   Thumb Code     0  startup_mk64f12.o(.text)
    CAN0_Error_IRQHandler                    0x00000445   Thumb Code     0  startup_mk64f12.o(.text)
    CAN0_ORed_Message_buffer_IRQHandler      0x00000445   Thumb Code     0  startup_mk64f12.o(.text)
    CAN0_Rx_Warning_IRQHandler               0x00000445   Thumb Code     0  startup_mk64f12.o(.text)
    CAN0_Tx_Warning_IRQHandler               0x00000445   Thumb Code     0  startup_mk64f12.o(.text)
    CAN0_Wake_Up_IRQHandler                  0x00000445   Thumb Code     0  startup_mk64f12.o(.text)
    CMP0_IRQHandler                          0x00000445   Thumb Code     0  startup_mk64f12.o(.text)
    CMP1_IRQHandler                          0x00000445   Thumb Code     0  startup_mk64f12.o(.text)
    CMP2_IRQHandler                          0x00000445   Thumb Code     0  startup_mk64f12.o(.text)
    CMT_IRQHandler                           0x00000445   Thumb Code     0  startup_mk64f12.o(.text)
    DAC0_IRQHandler                          0x00000445   Thumb Code     0  startup_mk64f12.o(.text)
    DAC1_IRQHandler                          0x00000445   Thumb Code     0  startup_mk64f12.o(.text)
    DMA0_IRQHandler                          0x00000445   Thumb Code     0  startup_mk64f12.o(.text)
    DMA10_IRQHandler                         0x00000445   Thumb Code     0  startup_mk64f12.o(.text)
    DMA11_IRQHandler                         0x00000445   Thumb Code     0  startup_mk64f12.o(.text)
    DMA12_IRQHandler                         0x00000445   Thumb Code     0  startup_mk64f12.o(.text)
    DMA13_IRQHandler                         0x00000445   Thumb Code     0  startup_mk64f12.o(.text)
    DMA14_IRQHandler                         0x00000445   Thumb Code     0  startup_mk64f12.o(.text)
    DMA15_IRQHandler                         0x00000445   Thumb Code     0  startup_mk64f12.o(.text)
    DMA1_IRQHandler                          0x00000445   Thumb Code     0  startup_mk64f12.o(.text)
    DMA2_IRQHandler                          0x00000445   Thumb Code     0  startup_mk64f12.o(.text)
    DMA3_IRQHandler                          0x00000445   Thumb Code     0  startup_mk64f12.o(.text)
    DMA4_IRQHandler                          0x00000445   Thumb Code     0  startup_mk64f12.o(.text)
    DMA5_IRQHandler                          0x00000445   Thumb Code     0  startup_mk64f12.o(.text)
    DMA6_IRQHandler                          0x00000445   Thumb Code     0  startup_mk64f12.o(.text)
    DMA7_IRQHandler                          0x00000445   Thumb Code     0  startup_mk64f12.o(.text)
    DMA8_IRQHandler                          0x00000445   Thumb Code     0  startup_mk64f12.o(.text)
    DMA9_IRQHandler                          0x00000445   Thumb Code     0  startup_mk64f12.o(.text)
    DMA_Error_IRQHandler                     0x00000445   Thumb Code     0  startup_mk64f12.o(.text)
    DefaultISR                               0x00000445   Thumb Code     0  startup_mk64f12.o(.text)
    ENET_1588_Timer_IRQHandler               0x00000445   Thumb Code     0  startup_mk64f12.o(.text)
    ENET_Error_IRQHandler                    0x00000445   Thumb Code     0  startup_mk64f12.o(.text)
    ENET_Receive_IRQHandler                  0x00000445   Thumb Code     0  startup_mk64f12.o(.text)
    ENET_Transmit_IRQHandler                 0x00000445   Thumb Code     0  startup_mk64f12.o(.text)
    FTFE_IRQHandler                          0x00000445   Thumb Code     0  startup_mk64f12.o(.text)
    FTM0_IRQHandler                          0x00000445   Thumb Code     0  startup_mk64f12.o(.text)
    FTM1_IRQHandler                          0x00000445   Thumb Code     0  startup_mk64f12.o(.text)
    FTM2_IRQHandler                          0x00000445   Thumb Code     0  startup_mk64f12.o(.text)
    FTM3_IRQHandler                          0x00000445   Thumb Code     0  startup_mk64f12.o(.text)
    I2C0_IRQHandler                          0x00000445   Thumb Code     0  startup_mk64f12.o(.text)
    I2C1_IRQHandler                          0x00000445   Thumb Code     0  startup_mk64f12.o(.text)
    I2C2_IRQHandler                          0x00000445   Thumb Code     0  startup_mk64f12.o(.text)
    I2S0_Rx_IRQHandler                       0x00000445   Thumb Code     0  startup_mk64f12.o(.text)
    I2S0_Tx_IRQHandler                       0x00000445   Thumb Code     0  startup_mk64f12.o(.text)
    LLW_IRQHandler                           0x00000445   Thumb Code     0  startup_mk64f12.o(.text)
    LPTimer_IRQHandler                       0x00000445   Thumb Code     0  startup_mk64f12.o(.text)
    LVD_LVW_IRQHandler                       0x00000445   Thumb Code     0  startup_mk64f12.o(.text)
    MCG_IRQHandler                           0x00000445   Thumb Code     0  startup_mk64f12.o(.text)
    MCM_IRQHandler                           0x00000445   Thumb Code     0  startup_mk64f12.o(.text)
    PDB0_IRQHandler                          0x00000445   Thumb Code     0  startup_mk64f12.o(.text)
    PIT0_IRQHandler                          0x00000445   Thumb Code     0  startup_mk64f12.o(.text)
    PIT1_IRQHandler                          0x00000445   Thumb Code     0  startup_mk64f12.o(.text)
    PIT2_IRQHandler                          0x00000445   Thumb Code     0  startup_mk64f12.o(.text)
    PIT3_IRQHandler                          0x00000445   Thumb Code     0  startup_mk64f12.o(.text)
    PORTA_IRQHandler                         0x00000445   Thumb Code     0  startup_mk64f12.o(.text)
    PORTB_IRQHandler                         0x00000445   Thumb Code     0  startup_mk64f12.o(.text)
    PORTD_IRQHandler                         0x00000445   Thumb Code     0  startup_mk64f12.o(.text)
    PORTE_IRQHandler                         0x00000445   Thumb Code     0  startup_mk64f12.o(.text)
    RNG_IRQHandler                           0x00000445   Thumb Code     0  startup_mk64f12.o(.text)
    RTC_IRQHandler                           0x00000445   Thumb Code     0  startup_mk64f12.o(.text)
    RTC_Seconds_IRQHandler                   0x00000445   Thumb Code     0  startup_mk64f12.o(.text)
    Read_Collision_IRQHandler                0x00000445   Thumb Code     0  startup_mk64f12.o(.text)
    Reserved71_IRQHandler                    0x00000445   Thumb Code     0  startup_mk64f12.o(.text)
    SDHC_IRQHandler                          0x00000445   Thumb Code     0  startup_mk64f12.o(.text)
    SPI0_IRQHandler                          0x00000445   Thumb Code     0  startup_mk64f12.o(.text)
    SPI1_IRQHandler                          0x00000445   Thumb Code     0  startup_mk64f12.o(.text)
    SPI2_IRQHandler                          0x00000445   Thumb Code     0  startup_mk64f12.o(.text)
    SWI_IRQHandler                           0x00000445   Thumb Code     0  startup_mk64f12.o(.text)
    UART0_ERR_IRQHandler                     0x00000445   Thumb Code     0  startup_mk64f12.o(.text)
    UART0_LON_IRQHandler                     0x00000445   Thumb Code     0  startup_mk64f12.o(.text)
    UART0_RX_TX_IRQHandler                   0x00000445   Thumb Code     0  startup_mk64f12.o(.text)
    UART1_ERR_IRQHandler                     0x00000445   Thumb Code     0  startup_mk64f12.o(.text)
    UART1_RX_TX_IRQHandler                   0x00000445   Thumb Code     0  startup_mk64f12.o(.text)
    UART2_ERR_IRQHandler                     0x00000445   Thumb Code     0  startup_mk64f12.o(.text)
    UART2_RX_TX_IRQHandler                   0x00000445   Thumb Code     0  startup_mk64f12.o(.text)
    UART3_ERR_IRQHandler                     0x00000445   Thumb Code     0  startup_mk64f12.o(.text)
    UART3_RX_TX_IRQHandler                   0x00000445   Thumb Code     0  startup_mk64f12.o(.text)
    UART4_ERR_IRQHandler                     0x00000445   Thumb Code     0  startup_mk64f12.o(.text)
    UART4_RX_TX_IRQHandler                   0x00000445   Thumb Code     0  startup_mk64f12.o(.text)
    UART5_ERR_IRQHandler                     0x00000445   Thumb Code     0  startup_mk64f12.o(.text)
    UART5_RX_TX_IRQHandler                   0x00000445   Thumb Code     0  startup_mk64f12.o(.text)
    USB0_IRQHandler                          0x00000445   Thumb Code     0  startup_mk64f12.o(.text)
    USBDCD_IRQHandler                        0x00000445   Thumb Code     0  startup_mk64f12.o(.text)
    Watchdog_IRQHandler                      0x00000445   Thumb Code     0  startup_mk64f12.o(.text)
    __scatterload                            0x00000455   Thumb Code    28  init.o(.text)
    __scatterload_rt2                        0x00000455   Thumb Code     0  init.o(.text)
    LEDGrn_Off                               0x00000479   Thumb Code    16  led.o(i.LEDGrn_Off)
    LEDGrn_On                                0x00000491   Thumb Code    16  led.o(i.LEDGrn_On)
    LEDRed_Off                               0x000004a9   Thumb Code    14  led.o(i.LEDRed_Off)
    LEDRed_On                                0x000004bd   Thumb Code    14  led.o(i.LEDRed_On)
    PORTC_IRQHandler                         0x000004d1   Thumb Code   118  main.o(i.PORTC_IRQHandler)
    SystemInit                               0x00000559   Thumb Code   124  system_mk64f12.o(i.SystemInit)
    __scatterload_copy                       0x000005e9   Thumb Code    14  handlers.o(i.__scatterload_copy)
    __scatterload_null                       0x000005f7   Thumb Code     2  handlers.o(i.__scatterload_null)
    __scatterload_zeroinit                   0x000005f9   Thumb Code    14  handlers.o(i.__scatterload_zeroinit)
    configure_buttons                        0x00000609   Thumb Code   160  buttons.o(i.configure_buttons)
    main                                     0x000006b5   Thumb Code    12  main.o(i.main)
    setup_LED                                0x000006c1   Thumb Code    74  led.o(i.setup_LED)
    Region$$Table$$Base                      0x00000720   Number         0  anon$$obj.o(Region$$Table)
    Region$$Table$$Limit                     0x00000740   Number         0  anon$$obj.o(Region$$Table)
    intflag                                  0x20000000   Data           4  main.o(.data)
    intflag2                                 0x20000004   Data           4  main.o(.data)
    counter                                  0x20000008   Data           4  main.o(.data)
    __initial_sp                             0x20000410   Data           0  startup_mk64f12.o(STACK)



==============================================================================

Memory Map of the image

  Image Entry point : 0x00000427

  Load Region LR_1 (Base: 0x00000000, Size: 0x0000074c, Max: 0xffffffff, ABSOLUTE)

    Execution Region ER_RO (Base: 0x00000000, Size: 0x00000740, Max: 0xffffffff, ABSOLUTE)

    Base Addr    Size         Type   Attr      Idx    E Section Name        Object

    0x00000000   0x00000400   Data   RO          153    RESET               startup_mk64f12.o
    0x00000400   0x00000010   Code   RO          154    .ARM.__at_0x400     startup_mk64f12.o
    0x00000410   0x00000000   Code   RO          197  * .ARM.Collect$$$$00000000  mc_w.l(entry.o)
    0x00000410   0x00000004   Code   RO          200    .ARM.Collect$$$$00000001  mc_w.l(entry2.o)
    0x00000414   0x00000004   Code   RO          203    .ARM.Collect$$$$00000004  mc_w.l(entry5.o)
    0x00000418   0x00000000   Code   RO          205    .ARM.Collect$$$$00000008  mc_w.l(entry7b.o)
    0x00000418   0x00000000   Code   RO          207    .ARM.Collect$$$$0000000A  mc_w.l(entry8b.o)
    0x00000418   0x00000008   Code   RO          208    .ARM.Collect$$$$0000000B  mc_w.l(entry9a.o)
    0x00000420   0x00000000   Code   RO          210    .ARM.Collect$$$$0000000D  mc_w.l(entry10a.o)
    0x00000420   0x00000000   Code   RO          212    .ARM.Collect$$$$0000000F  mc_w.l(entry11a.o)
    0x00000420   0x00000004   Code   RO          201    .ARM.Collect$$$$00002712  mc_w.l(entry2.o)
    0x00000424   0x00000030   Code   RO          155  * .text               startup_mk64f12.o
    0x00000454   0x00000024   Code   RO          214    .text               mc_w.l(init.o)
    0x00000478   0x00000018   Code   RO          106    i.LEDGrn_Off        led.o
    0x00000490   0x00000018   Code   RO          107    i.LEDGrn_On         led.o
    0x000004a8   0x00000014   Code   RO          108    i.LEDRed_Off        led.o
    0x000004bc   0x00000014   Code   RO          109    i.LEDRed_On         led.o
    0x000004d0   0x00000088   Code   RO           63    i.PORTC_IRQHandler  main.o
    0x00000558   0x00000090   Code   RO          165    i.SystemInit        system_mk64f12.o
    0x000005e8   0x0000000e   Code   RO          218    i.__scatterload_copy  mc_w.l(handlers.o)
    0x000005f6   0x00000002   Code   RO          219    i.__scatterload_null  mc_w.l(handlers.o)
    0x000005f8   0x0000000e   Code   RO          220    i.__scatterload_zeroinit  mc_w.l(handlers.o)
    0x00000606   0x00000002   PAD
    0x00000608   0x000000ac   Code   RO            4    i.configure_buttons  buttons.o
    0x000006b4   0x0000000c   Code   RO           64    i.main              main.o
    0x000006c0   0x00000060   Code   RO          110    i.setup_LED         led.o
    0x00000720   0x00000020   Data   RO          216    Region$$Table       anon$$obj.o


    Execution Region ER_RW (Base: 0x20000000, Size: 0x0000000c, Max: 0xffffffff, ABSOLUTE)

    Base Addr    Size         Type   Attr      Idx    E Section Name        Object

    0x20000000   0x0000000c   Data   RW           65    .data               main.o


    Execution Region ER_ZI (Base: 0x2000000c, Size: 0x00000404, Max: 0xffffffff, ABSOLUTE)

    Base Addr    Size         Type   Attr      Idx    E Section Name        Object

    0x2000000c   0x00000004   PAD
    0x20000010   0x00000400   Zero   RW          151    STACK               startup_mk64f12.o


==============================================================================

Image component sizes


      Code (inc. data)   RO Data    RW Data    ZI Data      Debug   Object Name

       172         12          0          0          0     376147   buttons.o
       184         50          0          0          0       1934   led.o
       148         18          0         12          0       1157   main.o
        64         30       1024          0       1024       1088   startup_mk64f12.o
       144         20          0          0          0        521   system_mk64f12.o

    ----------------------------------------------------------------------
       712        130       1056         12       1028     380847   Object Totals
         0          0         32          0          0          0   (incl. Generated)
         0          0          0          0          4          0   (incl. Padding)

    ----------------------------------------------------------------------

      Code (inc. data)   RO Data    RW Data    ZI Data      Debug   Library Member Name

         0          0          0          0          0          0   entry.o
         0          0          0          0          0          0   entry10a.o
         0          0          0          0          0          0   entry11a.o
         8          4          0          0          0          0   entry2.o
         4          0          0          0          0          0   entry5.o
         0          0          0          0          0          0   entry7b.o
         0          0          0          0          0          0   entry8b.o
         8          4          0          0          0          0   entry9a.o
        30          0          0          0          0          0   handlers.o
        36          8          0          0          0         68   init.o

    ----------------------------------------------------------------------
        88         16          0          0          0         68   Library Totals
         2          0          0          0          0          0   (incl. Padding)

    ----------------------------------------------------------------------

      Code (inc. data)   RO Data    RW Data    ZI Data      Debug   Library Name

        86         16          0          0          0         68   mc_w.l

    ----------------------------------------------------------------------
        88         16          0          0          0         68   Library Totals

    ----------------------------------------------------------------------

==============================================================================


      Code (inc. data)   RO Data    RW Data    ZI Data      Debug   

       800        146       1056         12       1028     380755   Grand Totals
       800        146       1056         12       1028     380755   ELF Image Totals
       800        146       1056         12          0          0   ROM Totals

==============================================================================

    Total RO  Size (Code + RO Data)                 1856 (   1.81kB)
    Total RW  Size (RW Data + ZI Data)              1040 (   1.02kB)
    Total ROM Size (Code + RO Data + RW Data)       1868 (   1.82kB)

==============================================================================

